// Jest Snapshot v1, https://goo.gl/fbAQLP

exports[`Se valida el componente GifItem Validamos el snapshot 1`] = `
<div>
  <div
    class="card"
  >
    <img
      alt="Saitama"
      src="http://satiama.com/sati.jpg"
    />
    <p>
      Saitama
    </p>
  </div>
</div>
`;
